// Jest Snapshot v1, https://goo.gl/fbAQLP

exports[`loadModule.web should reject with a helpful error when module data is not an object 1`] = `[TypeError: loadModule: moduleData must be an object]`;

exports[`loadModule.web should reject with a helpful error when module name is not a string 1`] = `[TypeError: loadModule: moduleName must be a string]`;
